<?xml version="1.0" encoding="UTF-8"?>
<testsuites name="jest tests" tests="11" failures="0" time="3.344">
  <testsuite name="Spotify Pocket" errors="0" failures="0" skipped="0" timestamp="2020-06-12T03:26:23" time="2.787" tests="11">
    <testcase classname="Spotify Pocket Components data-testid match should should render properly the &lt;Loading&gt; component" name="Spotify Pocket Components data-testid match should should render properly the &lt;Loading&gt; component" time="0.03">
    </testcase>
    <testcase classname="Spotify Pocket Components data-testid match should should render properly the &lt;Logo&gt; component" name="Spotify Pocket Components data-testid match should should render properly the &lt;Logo&gt; component" time="0.011">
    </testcase>
    <testcase classname="Spotify Pocket Components data-testid match should should render properly the &lt;RouteHeader&gt; component" name="Spotify Pocket Components data-testid match should should render properly the &lt;RouteHeader&gt; component" time="0.007">
    </testcase>
    <testcase classname="Spotify Pocket Components data-testid match should should render properly the &lt;WelcomeBox&gt; component" name="Spotify Pocket Components data-testid match should should render properly the &lt;WelcomeBox&gt; component" time="0.002">
    </testcase>
    <testcase classname="Spotify Pocket Containers data-testid match should should render properly the &lt;App&gt; container" name="Spotify Pocket Containers data-testid match should should render properly the &lt;App&gt; container" time="0.017">
    </testcase>
    <testcase classname="Spotify Pocket Containers data-testid match should should render properly the &lt;Authorize&gt; container" name="Spotify Pocket Containers data-testid match should should render properly the &lt;Authorize&gt; container" time="0.003">
    </testcase>
    <testcase classname="Spotify Pocket Containers data-testid match should should render properly the &lt;Categories&gt; container" name="Spotify Pocket Containers data-testid match should should render properly the &lt;Categories&gt; container" time="0.024">
    </testcase>
    <testcase classname="Spotify Pocket Containers data-testid match should should render properly the &lt;CategoryItem&gt; container" name="Spotify Pocket Containers data-testid match should should render properly the &lt;CategoryItem&gt; container" time="0.002">
    </testcase>
    <testcase classname="Spotify Pocket Containers data-testid match should should render properly the &lt;Login&gt; container" name="Spotify Pocket Containers data-testid match should should render properly the &lt;Login&gt; container" time="0.003">
    </testcase>
    <testcase classname="Spotify Pocket Containers data-testid match should should render properly the &lt;PlaylistItem&gt; container" name="Spotify Pocket Containers data-testid match should should render properly the &lt;PlaylistItem&gt; container" time="0.002">
    </testcase>
    <testcase classname="Spotify Pocket Containers data-testid match should should render properly the &lt;Playlists&gt; container" name="Spotify Pocket Containers data-testid match should should render properly the &lt;Playlists&gt; container" time="0.019">
    </testcase>
  </testsuite>
</testsuites>